// Vitest Snapshot v1, https://vitest.dev/guide/snapshot.html

exports[`Auth Page > should render consistently 1`] = `
<DocumentFragment>
  <div
    class="min-h-screen flex flex-col"
    style="background-color: rgb(244, 228, 221);"
  >
    <div
      class="flex-1 flex flex-col items-center px-6 py-8"
    >
      <div
        class="relative z-10 w-full max-w-sm"
      >
        <div
          class="flex flex-col items-center"
          style="margin-top: 0px;"
        >
          <div
            class="mb-8"
            style="position: absolute; top: 77px; left: 50%; transform: translateX(-50%);"
          >
            <button
              class="text-black"
              style="background-color: rgb(255, 179, 179); width: 100px; height: 30px; border-radius: 15px; font-size: 14px;"
            >
              登入帳號
            </button>
          </div>
          <div
            class="text-black leading-relaxed text-left"
            style="width: 270px; font-size: 14px; position: absolute; top: 158px; left: 50%; transform: translateX(-50%);"
          >
            登入帳號後，代禱紀錄會自動儲存於雲端，
            <br />
            讓每一次代禱都即時同步到你的每一個設備
            <br />
            ，也可以跟好友互相禱告！
          </div>
          <div
            style="margin-top: 254px;"
          >
            <form
              autocomplete="off"
              class="w-full max-w-sm space-y-6 flex flex-col items-center"
            >
              <style>
                
    input::placeholder {
      color: #1694da;
      opacity: 1;
    }
  
              </style>
              <div
                class="relative"
                style="width: 270px;"
              >
                <input
                  autocomplete="off"
                  class="w-full bg-transparent border-b pb-2 text-black focus:outline-none rounded-none"
                  name="email"
                  placeholder="電子信箱"
                  required=""
                  style="font-size: 14px; border-color: rgb(22, 148, 218);"
                  type="email"
                  value=""
                />
              </div>
              <div
                class="relative"
                style="width: 270px;"
              >
                <input
                  autocomplete="new-password"
                  class="w-full bg-transparent border-b pb-2 text-black focus:outline-none rounded-none"
                  name="password"
                  placeholder="輸入密碼"
                  required=""
                  style="font-size: 14px; border-color: rgb(22, 148, 218);"
                  type="password"
                  value=""
                />
              </div>
              <div
                class="flex justify-between items-center pt-4"
                style="width: 270px;"
              >
                <button
                  style="color: rgb(22, 148, 218); font-size: 14px;"
                  type="button"
                >
                  忘記密碼
                </button>
                <button
                  style="color: rgb(22, 148, 218); font-size: 14px;"
                  type="button"
                >
                  註冊帳號
                </button>
              </div>
              <div
                class="space-y-1 text-left"
                style="width: 270px; padding-top: 244px;"
              >
                <div
                  class="text-black"
                  style="font-size: 14px;"
                >
                  App 版本 ＿＿ v1.0.0 ( 2025-11-10 )
                </div>
                <div
                  class="text-black"
                  style="font-size: 14px;"
                >
                  聯絡建議 ＿＿ amen@prayforo.com
                </div>
              </div>
            </form>
          </div>
        </div>
      </div>
      <div
        style="position: absolute; top: 544px; left: 50%; transform: translateX(-50%); width: 270px; z-index: 20;"
      >
        <button
          class="text-black w-full"
          style="background-color: rgb(149, 210, 244); height: 30px; border-radius: 15px; font-size: 14px; opacity: 1; margin-bottom: 40px;"
          type="button"
        >
          登入帳號
        </button>
        <a
          class="text-black w-full"
          href="#"
          style="background-color: rgb(77, 155, 217); height: 30px; border-radius: 15px; font-size: 14px; display: flex; align-items: center; justify-content: center; text-decoration: none;"
        >
          訪客帳號
        </a>
      </div>
    </div>
  </div>
</DocumentFragment>
`;
